user@Syrex:~$ export GITHUB_USERNAME=Syrex333
user@Syrex:~$ alias gsed=sed

user@Syrex:~$ cd ${GITHUB_USERNAME}/workspace
user@Syrex:~/Syrex333/workspace$ pushd .
~/Syrex333/workspace ~/Syrex333/workspace
user@Syrex:~/Syrex333/workspace$ source scripts/activate

user@Syrex:~/Syrex333/workspace$ git clone https://github.com/${GITHUB_USERNAME}/lab04 projects/lab05
Cloning into 'projects/lab05'...
remote: Enumerating objects: 47, done.
remote: Counting objects: 100% (47/47), done.
remote: Compressing objects: 100% (31/31), done.
remote: Total 47 (delta 12), reused 37 (delta 7), pack-reused 0 (from 0)
Unpacking objects: 100% (47/47), 15.43 KiB | 177.00 KiB/s, done.
user@Syrex:~/Syrex333/workspace$ cd projects/lab05
user@Syrex:~/Syrex333/workspace/projects/lab05$ git remote remove origin
user@Syrex:~/Syrex333/workspace/projects/lab05$ git remote add origin https://github.com/${GITHUB_USERNAME}/lab05

user@Syrex:~/Syrex333/workspace/projects/lab05$ mkdir third-party
user@Syrex:~/Syrex333/workspace/projects/lab05$ git submodule add https://github.com/google/googletest third-party/gtest
Cloning into '/home/user/Syrex333/workspace/projects/lab05/third-party/gtest'...
remote: Enumerating objects: 27973, done.
remote: Counting objects: 100% (11/11), done.
remote: Compressing objects: 100% (10/10), done.
remote: Total 27973 (delta 2), reused 1 (delta 1), pack-reused 27962 (from 3)
Receiving objects: 100% (27973/27973), 13.94 MiB | 2.53 MiB/s, done.
Resolving deltas: 100% (20697/20697), done.
user@Syrex:~/Syrex333/workspace/projects/lab05$ cd third-party/gtest && git checkout release-1.8.1 && cd ../..
Note: switching to 'release-1.8.1'.

You are in 'detached HEAD' state. You can look around, make experimental
changes and commit them, and you can discard any commits you make in this
state without impacting any branches by switching back to a branch.

If you want to create a new branch to retain commits you create, you may
do so (now or later) by using -c with the switch command. Example:

  git switch -c <new-branch-name>

Or undo this operation with:

  git switch -

Turn off this advice by setting config variable advice.detachedHead to false

HEAD is now at 2fe3bd99 Merge pull request #1433 from dsacre/fix-clang-warnings
user@Syrex:~/Syrex333/workspace/projects/lab05$ git add third-party/gtest
user@Syrex:~/Syrex333/workspace/projects/lab05$ git commit -m"added gtest framework"
[main bf86460] added gtest framework
 2 files changed, 4 insertions(+)
 create mode 100644 .gitmodules
 create mode 160000 third-party/gtest

user@Syrex:~/Syrex333/workspace/projects/lab05$ gsed -i '/option(BUILD_EXAMPLES "Build examples" OFF)/a\
> option(BUILD_TESTS "Build tests" OFF)
> ' CMakeLists.txt
user@Syrex:~/Syrex333/workspace/projects/lab05$ cat >> CMakeLists.txt <<EOF
>
able_te> if(BUILD_TESTS)

  add_>   enable_testing()
>   add_subdirectory(third-party/gtest)
>   file(GLOB \${PROJECT_NAME}_TEST_SOURCES tests/*.cpp)
>   add_executable(check \${\${PROJECT_NAME}_TEST_SOURCES})
>   target_link_libraries(check \${PROJECT_NAME} gtest_main)
>   add_test(NAME check COMMAND check)
> endif()
> EOF
user@Syrex:~/Syrex333/workspace/projects/lab05$ mkdir tests
user@Syrex:~/Syrex333/workspace/projects/lab05$ cat > tests/test1.cpp <<EOF
> #include <print.hpp>
de <gte>
> #include <gtest/gtest.h>
>
EST(> TEST(Print, InFileStream)
> {
td::st>   std::string filepath = "file.txt";
>   std::string text = "hello";
>   std::ofstream out{filepath};
>
int(tex>   print(text, out);
>   out.close();
>
d::str>   std::string result;
>   std::ifstream in{filepath};
>   in >> result;
>
>   EXPECT_EQ(result, text);
> }
> EOF

user@Syrex:~/Syrex333/workspace/projects/lab05$ cmake -H. -B_build -DBUILD_TESTS=ON
-- The C compiler identification is GNU 9.4.0
-- The CXX compiler identification is GNU 9.4.0
-- Check for working C compiler: /usr/bin/cc
-- Check for working C compiler: /usr/bin/cc -- works
-- Detecting C compiler ABI info
-- Detecting C compiler ABI info - done
-- Detecting C compile features
-- Detecting C compile features - done
-- Check for working CXX compiler: /usr/bin/c++
-- Check for working CXX compiler: /usr/bin/c++ -- works
-- Detecting CXX compiler ABI info
-- Detecting CXX compiler ABI info - done
-- Detecting CXX compile features
-- Detecting CXX compile features - done
-- Found PythonInterp: /usr/bin/python3.8 (found version "3.8.10")
-- Looking for pthread.h
-- Looking for pthread.h - found
-- Performing Test CMAKE_HAVE_LIBC_PTHREAD
-- Performing Test CMAKE_HAVE_LIBC_PTHREAD - Failed
-- Check if compiler accepts -pthread
-- Check if compiler accepts -pthread - yes
-- Found Threads: TRUE
-- Configuring done
-- Generating done
-- Build files have been written to: /home/user/Syrex333/workspace/projects/lab05/_build
user@Syrex:~/Syrex333/workspace/projects/lab05$

user@Syrex:~/Syrex333/workspace/projects/lab05$ cmake --build _build
Scanning dependencies of target print
[  8%] Building CXX object CMakeFiles/print.dir/sources/print.cpp.o
[ 16%] Linking CXX static library libprint.a
[ 16%] Built target print
Scanning dependencies of target gtest
[ 25%] Building CXX object third-party/gtest/googlemock/gtest/CMakeFiles/gtest.dir/src/gtest-all.cc.o
[ 33%] Linking CXX static library libgtest.a
[ 33%] Built target gtest
Scanning dependencies of target gtest_main
[ 41%] Building CXX object third-party/gtest/googlemock/gtest/CMakeFiles/gtest_main.dir/src/gtest_main.cc.o
[ 50%] Linking CXX static library libgtest_main.a
[ 50%] Built target gtest_main
Scanning dependencies of target check
[ 58%] Building CXX object CMakeFiles/check.dir/tests/test1.cpp.o
[ 66%] Linking CXX executable check
[ 66%] Built target check
Scanning dependencies of target gmock
[ 75%] Building CXX object third-party/gtest/googlemock/CMakeFiles/gmock.dir/src/gmock-all.cc.o
[ 83%] Linking CXX static library libgmock.a
[ 83%] Built target gmock
Scanning dependencies of target gmock_main
[ 91%] Building CXX object third-party/gtest/googlemock/CMakeFiles/gmock_main.dir/src/gmock_main.cc.o
[100%] Linking CXX static library libgmock_main.a
[100%] Built target gmock_main

user@Syrex:~/Syrex333/workspace/projects/lab05$ cmake --build _build --target test
Running tests...
Test project /home/user/Syrex333/workspace/projects/lab05/_build
    Start 1: check
1/1 Test #1: check ............................   Passed    0.00 sec

100% tests passed, 0 tests failed out of 1

Total Test time (real) =   0.01 sec

user@Syrex:~/Syrex333/workspace/projects/lab05$ _build/check
Running main() from /home/user/Syrex333/workspace/projects/lab05/third-party/gtest/googletest/src/gtest_main.cc
[==========] Running 1 test from 1 test case.
[----------] Global test environment set-up.
[----------] 1 test from Print
[ RUN      ] Print.InFileStream
[       OK ] Print.InFileStream (1 ms)
[----------] 1 test from Print (1 ms total)

[----------] Global test environment tear-down
[==========] 1 test from 1 test case ran. (2 ms total)
[  PASSED  ] 1 test.

user@Syrex:~/Syrex333/workspace/projects/lab05$ cmake --build _build --target test -- ARGS=--verbose
Running tests...
UpdateCTestConfiguration  from :/home/user/Syrex333/workspace/projects/lab05/_build/DartConfiguration.tcl
UpdateCTestConfiguration  from :/home/user/Syrex333/workspace/projects/lab05/_build/DartConfiguration.tcl
Test project /home/user/Syrex333/workspace/projects/lab05/_build
Constructing a list of tests
Done constructing a list of tests
Updating test list for fixtures
Added 0 tests to meet fixture requirements
Checking test dependency graph...
Checking test dependency graph end
test 1
    Start 1: check

1: Test command: /home/user/Syrex333/workspace/projects/lab05/_build/check
1: Test timeout computed to be: 10000000
1: Running main() from /home/user/Syrex333/workspace/projects/lab05/third-party/gtest/googletest/src/gtest_main.cc
1: [==========] Running 1 test from 1 test case.
1: [----------] Global test environment set-up.
1: [----------] 1 test from Print
1: [ RUN      ] Print.InFileStream
1: [       OK ] Print.InFileStream (0 ms)
1: [----------] 1 test from Print (0 ms total)
1:
1: [----------] Global test environment tear-down
1: [==========] 1 test from 1 test case ran. (0 ms total)
1: [  PASSED  ] 1 test.
1/1 Test #1: check ............................   Passed    0.01 sec

100% tests passed, 0 tests failed out of 1

Total Test time (real) =   0.01 sec

user@Syrex:~/Syrex333/workspace/projects/lab05$ gsed -i 's/lab04/lab05/g' README.md
user@Syrex:~/Syrex333/workspace/projects/lab05$ gsed -i 's/\(DCMAKE_INSTALL_PREFIX=_install\)/\1 -DBUILD_TESTS=ON/' .travis.yml
user@Syrex:~/Syrex333/workspace/projects/lab05$ gsed -i '/cmake --build _build --target install/a\
> - cmake --build _build --target test -- ARGS=--verbose
> ' .travis.yml

user@Syrex:~/Syrex333/workspace/projects/lab05$ git add .travis.yml
user@Syrex:~/Syrex333/workspace/projects/lab05$ git add tests
user@Syrex:~/Syrex333/workspace/projects/lab05$ git add -p
diff --git a/CMakeLists.txt b/CMakeLists.txt
index 96a361e..aa7a323 100644
--- a/CMakeLists.txt
+++ b/CMakeLists.txt
@@ -4,6 +4,7 @@ set(CMAKE_CXX_STANDARD 11)
 set(CMAKE_CXX_STANDARD_REQUIRED ON)

 option(BUILD_EXAMPLES "Build examples" OFF)
+option(BUILD_TESTS "Build tests" OFF)

 project(print)

(1/2) Stage this hunk [y,n,q,a,d,j,J,g,/,e,?]?
y - stage this hunk
n - do not stage this hunk
q - quit; do not stage this hunk or any of the remaining ones
a - stage this hunk and all later hunks in the file
d - do not stage this hunk or any of the later hunks in the file
g - select a hunk to go to
/ - search for a hunk matching the given regex
j - leave this hunk undecided, see next undecided hunk
J - leave this hunk undecided, see next hunk
e - manually edit the current hunk
? - print help
@@ -4,6 +4,7 @@ set(CMAKE_CXX_STANDARD 11)
 set(CMAKE_CXX_STANDARD_REQUIRED ON)

 option(BUILD_EXAMPLES "Build examples" OFF)
+option(BUILD_TESTS "Build tests" OFF)

 project(print)

(1/2) Stage this hunk [y,n,q,a,d,j,J,g,/,e,?]? y
@@ -34,3 +35,12 @@ install(TARGETS print

 install(DIRECTORY ${CMAKE_CURRENT_SOURCE_DIR}/include/ DESTINATION include)
 install(EXPORT print-config DESTINATION cmake)
+
+if(BUILD_TESTS)
+  enable_testing()
+  add_subdirectory(third-party/gtest)
+  file(GLOB ${PROJECT_NAME}_TEST_SOURCES tests/*.cpp)
+  add_executable(check ${${PROJECT_NAME}_TEST_SOURCES})
+  target_link_libraries(check ${PROJECT_NAME} gtest_main)
+  add_test(NAME check COMMAND check)
+endif()
(2/2) Stage this hunk [y,n,q,a,d,K,g,/,e,?]? y


user@Syrex:~/Syrex333/workspace/projects/lab05$ git commit -m"added tests"
[main 13ebe72] added tests
 3 files changed, 31 insertions(+), 1 deletion(-)
 create mode 100644 tests/test1.cpp

user@Syrex:~/Syrex333/workspace/projects/lab05$ git push --force origin main
Username for 'https://github.com': Syrex333
Password for 'https://%D0%AB%D0%BDSyrex333@github.com':
Enumerating objects: 60, done.
Counting objects: 100% (60/60), done.
Delta compression using up to 16 threads
Compressing objects: 100% (48/48), done.
Writing objects: 100% (60/60), 16.99 KiB | 3.40 MiB/s, done.
Total 60 (delta 16), reused 0 (delta 0)
remote: Resolving deltas: 100% (16/16), done.
To https://github.com/Syrex333/lab05
 + d3b2100...d6f0644 main -> main (forced update)

user@Syrex:~/Syrex333/workspace/projects/lab05$ sleep 20s && gnome-screenshot --file artifacts/screenshot.png
** Message: 00:04:59.259: Unable to use GNOME Shell's builtin screenshot interface, resorting to fallback X11.

(gnome-screenshot:16960): Gdk-CRITICAL **: 00:04:59.259: gdk_pixbuf_get_from_surface: assertion 'width > 0 && height > 0' failed

(gnome-screenshot:16960): GdkPixbuf-CRITICAL **: 00:04:59.259: gdk_pixbuf_get_width: assertion 'GDK_IS_PIXBUF (pixbuf)' failed

(gnome-screenshot:16960): GdkPixbuf-CRITICAL **: 00:04:59.259: gdk_pixbuf_get_height: assertion 'GDK_IS_PIXBUF (pixbuf)' failed

(gnome-screenshot:16960): Gtk-CRITICAL **: 00:04:59.285: gtk_window_resize: assertion 'width > 0' failed

** (gnome-screenshot:16960): CRITICAL **: 00:04:59.286: Unable to capture a screenshot of any window
ALSA lib confmisc.c:767:(parse_card) cannot find card '0'
ALSA lib conf.c:4732:(_snd_config_evaluate) function snd_func_card_driver returned error: No such file or directory
ALSA lib confmisc.c:392:(snd_func_concat) error evaluating strings
ALSA lib conf.c:4732:(_snd_config_evaluate) function snd_func_concat returned error: No such file or directory
ALSA lib confmisc.c:1246:(snd_func_refer) error evaluating name
ALSA lib conf.c:4732:(_snd_config_evaluate) function snd_func_refer returned error: No such file or directory
ALSA lib conf.c:5220:(snd_config_expand) Evaluate error: No such file or directory
ALSA lib pcm.c:2642:(snd_pcm_open_noupdate) Unknown PCM default


